// Jest Snapshot v1, https://goo.gl/fbAQLP

exports[`should take a snapshot 1`] = `
<DocumentFragment>
  <div
    class="header"
  >
    <img
      alt="Rick and Morty Logo"
      src="rickandmorty.svg"
    />
  </div>
</DocumentFragment>
`;
