// Jest Snapshot v1, https://goo.gl/fbAQLP

exports[`renders the App component 1`] = `
<DocumentFragment>
  <div
    class="container"
  >
    <div
      class="header solid"
    >
      <img
        alt="Rick and Morty Logo"
        src="rickandmorty.svg"
      />
    </div>
    <div
      class="body-container"
    >
      <div
        class="spinner-container"
      >
        <div
          class="lds-ring"
        >
          <div />
          <div />
          <div />
          <div />
        </div>
      </div>
    </div>
    <div
      class="footer"
    >
      Built with ‚ù§Ô∏è and üí°
    </div>
  </div>
</DocumentFragment>
`;
